// Jest Snapshot v1, https://goo.gl/fbAQLP

exports[`GlobalModal should match snapshot 1`] = `
<DocumentFragment>
  <div
    class="MuiContainer-root sc-AxjAm hTXoHK MuiContainer-maxWidthXl"
    data-testid="backdrop"
  >
    <div
      class="MuiGrid-root sc-AxirZ bGlnwV MuiGrid-container MuiGrid-spacing-xs-2 MuiGrid-direction-xs-column"
    >
      <div
        class="MuiGrid-root sc-AxiKw iVCGtU MuiGrid-item"
        data-testid="containerTitle"
      >
        <div>
          Title
        </div>
      </div>
      <div
        class="MuiGrid-root sc-AxhCb gfYwBM MuiGrid-item"
        data-testid="containerBody"
      >
        <h2>
          Content
        </h2>
      </div>
      <div
        class="MuiGrid-root sc-AxhUy hAEkQL MuiGrid-container MuiGrid-item MuiGrid-justify-xs-flex-end"
        data-testid="containerFooter"
      >
        <label
          aria-disabled="false"
          class="MuiButtonBase-root MuiButton-root MuiButton-text"
          data-testid="modalUploadButton"
          role="button"
          tabindex="0"
        >
          <span
            class="MuiButton-label"
          >
            Upload File
            <input
              accept=".json"
              style="display: none;"
              type="file"
            />
          </span>
          <span
            class="MuiTouchRipple-root"
          />
        </label>
        <button
          class="MuiButtonBase-root MuiButton-root MuiButton-text"
          data-testid="modalAddRecordButton"
          tabindex="0"
          type="button"
        >
          <span
            class="MuiButton-label"
          >
            Add record
          </span>
          <span
            class="MuiTouchRipple-root"
          />
        </button>
        <button
          class="MuiButtonBase-root MuiButton-root MuiButton-text"
          data-testid="modalCancelButton"
          tabindex="0"
          type="button"
        >
          <span
            class="MuiButton-label"
          >
            Cancel
          </span>
          <span
            class="MuiTouchRipple-root"
          />
        </button>
      </div>
    </div>
  </div>
</DocumentFragment>
`;
